[02:23:57] [main/INFO] (FabricLoader/GameProvider) Loading Minecraft 1.21.4 with Fabric Loader 0.16.9
[02:23:57] [main/DEBUG] (FabricLoader/GamePatch) Found game constructor: net.minecraft.client.main.Main -> net.minecraft.client.MinecraftClient
[02:23:57] [main/DEBUG] (FabricLoader/GamePatch) Patching game constructor <init>(Lnet/minecraft/client/RunArgs;)V
[02:23:57] [main/DEBUG] (FabricLoader/GamePatch) Run directory field is thought to be net/minecraft/client/MinecraftClient/runDirectory
[02:23:57] [main/DEBUG] (FabricLoader/GamePatch) Applying brand name hook to net/minecraft/client/ClientBrandRetriever::getClientModName
[02:23:57] [main/DEBUG] (FabricLoader/GamePatch) Applying brand name hook to net/minecraft/server/MinecraftServer::getServerModName
[02:23:57] [main/DEBUG] (FabricLoader/Mappings) Loading mappings took 116 ms
[02:23:58] [main/DEBUG] (FabricLoader/GamePatch) Patched 3 classs
[02:23:58] [main/DEBUG] (FabricLoader/Discovery) Mod discovery time: 15.2 ms
[02:23:58] [main/DEBUG] (FabricLoader/Resolution) Mod resolution time: 61.0 ms
[02:23:58] [main/INFO] (FabricLoader) Loading 7 mods:
	- fabric-resource-loader-v0 3.0.11+b1caf1e904
	- fabricloader 0.16.9
	- java 26
	- meteor-client 1.21.4-42
	- minecraft 1.21.4
	- mixinextras 0.4.1
	- pitch40-addon 1.0.0
[02:23:58] [main/DEBUG] (FabricLoader/Knot) Adding C:\Users\acrom\Desktop\Test2\pitch40-addon\.gradle\loom-cache\remapped_mods\net_fabricmc_yarn_1_21_4_1_21_4_build_8_v2\meteordevelopment\meteor-client\1.21.4-SNAPSHOT\meteor-client-1.21.4-SNAPSHOT.jar to classpath.
[02:23:58] [main/DEBUG] (FabricLoader/Knot) Adding C:\Users\acrom\Desktop\Test2\pitch40-addon\.gradle\loom-cache\remapped_mods\net_fabricmc_yarn_1_21_4_1_21_4_build_8_v2\net\fabricmc\fabric-api\fabric-resource-loader-v0\3.0.11+b1caf1e904\fabric-resource-loader-v0-3.0.11+b1caf1e904.jar to classpath.
[02:23:58] [main/DEBUG] (FabricLoader/Knot) Adding C:\Users\acrom\.gradle\caches\modules-2\files-2.1\io.github.llamalad7\mixinextras-fabric\0.4.1\8d1a9e96afb990367fa1f904d17580d164da72e3\mixinextras-fabric-0.4.1.jar to classpath.
[02:23:58] [main/DEBUG] (FabricLoader/Knot) Adding C:\Users\acrom\Desktop\Test2\pitch40-addon\build\resources\main to classpath.
[02:23:58] [main/DEBUG] (FabricLoader/Entrypoint) Registering new-style initializer meteordevelopment.meteorclient.ModMenuIntegration for mod meteor-client (key modmenu)
[02:23:58] [main/DEBUG] (FabricLoader/Entrypoint) Registering new-style initializer meteordevelopment.meteorclient.MeteorClient for mod meteor-client (key client)
[02:23:58] [main/DEBUG] (FabricLoader/Entrypoint) Registering new-style initializer com.pitchaddon.PitchAddon for mod pitch40-addon (key meteor)
[02:23:58] [main/INFO] (FabricLoader/Mixin) SpongePowered MIXIN Subsystem Version=0.8.7 Source=file:/C:/Users/acrom/.gradle/caches/modules-2/files-2.1/net.fabricmc/sponge-mixin/0.15.4+mixin.0.8.7/6a12aacc794f1078458433116e9ed42c1cc98096/sponge-mixin-0.15.4+mixin.0.8.7.jar Service=Knot/Fabric Env=CLIENT
[02:23:58] [main/DEBUG] (FabricLoader/Mixin) Initialising Mixin Platform Manager
[02:23:58] [main/DEBUG] (FabricLoader/Mixin) Adding mixin platform agents for container ContainerHandleURI(file:///C:/Users/acrom/.gradle/caches/modules-2/files-2.1/net.fabricmc/fabric-loader/0.16.9/7eaa23079ac1569963e488054db124c7eb984f05/fabric-loader-0.16.9.jar)
[02:23:58] [main/DEBUG] (FabricLoader/Mixin) Instancing new MixinPlatformAgentDefault for ContainerHandleURI(file:///C:/Users/acrom/.gradle/caches/modules-2/files-2.1/net.fabricmc/fabric-loader/0.16.9/7eaa23079ac1569963e488054db124c7eb984f05/fabric-loader-0.16.9.jar)
[02:23:58] [main/DEBUG] (FabricLoader/Mixin) MixinPlatformAgentDefault accepted container ContainerHandleURI(file:///C:/Users/acrom/.gradle/caches/modules-2/files-2.1/net.fabricmc/fabric-loader/0.16.9/7eaa23079ac1569963e488054db124c7eb984f05/fabric-loader-0.16.9.jar)
[02:23:58] [main/DEBUG] (FabricLoader/Mixin) Instancing new MixinPlatformAgentDefault for ContainerHandleURI(file:///C:/Users/acrom/.gradle/caches/modules-2/files-2.1/net.fabricmc/fabric-loader/0.16.9/7eaa23079ac1569963e488054db124c7eb984f05/fabric-loader-0.16.9.jar)
[02:23:58] [main/DEBUG] (FabricLoader/Mixin) MixinPlatformAgentDefault accepted container ContainerHandleURI(file:///C:/Users/acrom/.gradle/caches/modules-2/files-2.1/net.fabricmc/fabric-loader/0.16.9/7eaa23079ac1569963e488054db124c7eb984f05/fabric-loader-0.16.9.jar)
[02:23:58] [main/DEBUG] (FabricLoader/Mixin) Processing prepare() for PlatformAgent[MixinPlatformAgentDefault:ContainerHandleURI(file:///C:/Users/acrom/.gradle/caches/modules-2/files-2.1/net.fabricmc/fabric-loader/0.16.9/7eaa23079ac1569963e488054db124c7eb984f05/fabric-loader-0.16.9.jar)]
[02:23:58] [main/DEBUG] (FabricLoader/Mixin) Processing prepare() for PlatformAgent[MixinPlatformAgentDefault:ContainerHandleURI(file:///C:/Users/acrom/.gradle/caches/modules-2/files-2.1/net.fabricmc/fabric-loader/0.16.9/7eaa23079ac1569963e488054db124c7eb984f05/fabric-loader-0.16.9.jar)]
[02:23:58] [main/INFO] (FabricLoader/Mixin) Loaded Fabric development mappings for mixin remapper!
[02:23:58] [main/DEBUG] (FabricLoader/Mixin) Compatibility level JAVA_21 specified by meteor-client.mixins.json is higher than the maximum level supported by this version of mixin (JAVA_13).
[02:23:58] [main/INFO] (FabricLoader/Mixin) Compatibility level set to JAVA_21
[02:23:58] [main/DEBUG] (FabricLoader/Mixin) Mixin config meteor-client.mixins.json does not specify "minVersion" or "requiredFeatures" property
[02:23:58] [main/DEBUG] (FabricLoader/Mixin) Mixin config meteor-client-baritone.mixins.json does not specify "minVersion" or "requiredFeatures" property
[02:23:58] [main/DEBUG] (FabricLoader/Mixin) Mixin config meteor-client-indigo.mixins.json does not specify "minVersion" or "requiredFeatures" property
[02:23:58] [main/DEBUG] (FabricLoader/Mixin) Mixin config meteor-client-sodium.mixins.json does not specify "minVersion" or "requiredFeatures" property
[02:23:58] [main/DEBUG] (FabricLoader/Mixin) Mixin config meteor-client-lithium.mixins.json does not specify "minVersion" or "requiredFeatures" property
[02:23:58] [main/DEBUG] (FabricLoader/Mixin) Mixin config meteor-client-viafabricplus.mixins.json does not specify "minVersion" or "requiredFeatures" property
[02:23:58] [main/DEBUG] (FabricLoader/Mixin) Mixin config fabric-resource-loader-v0.mixins.json does not specify "minVersion" or "requiredFeatures" property
[02:23:58] [main/DEBUG] (FabricLoader/Mixin) Mixin config fabric-resource-loader-v0.client.mixins.json does not specify "minVersion" or "requiredFeatures" property
[02:23:58] [main/ERROR] (FabricLoader) Uncaught exception in thread "main"
java.lang.RuntimeException: Error parsing or using Mixin config pitch40-addon.mixins.json for mod pitch40-addon
	at net.fabricmc.loader.impl.launch.FabricMixinBootstrap.init(FabricMixinBootstrap.java:96) ~[fabric-loader-0.16.9.jar:?]
	at net.fabricmc.loader.impl.launch.knot.Knot.init(Knot.java:151) ~[fabric-loader-0.16.9.jar:?]
	at net.fabricmc.loader.impl.launch.knot.Knot.launch(Knot.java:68) ~[fabric-loader-0.16.9.jar:?]
	at net.fabricmc.loader.impl.launch.knot.KnotClient.main(KnotClient.java:23) ~[fabric-loader-0.16.9.jar:?]
	at net.fabricmc.devlaunchinjector.Main.main(Main.java:86) ~[?:?]
Caused by: org.spongepowered.asm.launch.MixinInitialisationError: Error initialising mixin config pitch40-addon.mixins.json
	at org.spongepowered.asm.mixin.transformer.Config.create(Config.java:168) ~[sponge-mixin-0.15.4+mixin.0.8.7.jar:0.15.4+mixin.0.8.7]
	at org.spongepowered.asm.mixin.Mixins.createConfiguration(Mixins.java:121) ~[sponge-mixin-0.15.4+mixin.0.8.7.jar:0.15.4+mixin.0.8.7]
	at org.spongepowered.asm.mixin.Mixins.addConfiguration(Mixins.java:108) ~[sponge-mixin-0.15.4+mixin.0.8.7.jar:0.15.4+mixin.0.8.7]
	at org.spongepowered.asm.mixin.Mixins.addConfiguration(Mixins.java:98) ~[sponge-mixin-0.15.4+mixin.0.8.7.jar:0.15.4+mixin.0.8.7]
	at net.fabricmc.loader.impl.launch.FabricMixinBootstrap.init(FabricMixinBootstrap.java:94) ~[fabric-loader-0.16.9.jar:?]
	... 4 more
Caused by: java.lang.IllegalArgumentException: The specified resource 'pitch40-addon.mixins.json' was invalid or could not be read
	at org.spongepowered.asm.mixin.transformer.MixinConfig.create(MixinConfig.java:1395) ~[sponge-mixin-0.15.4+mixin.0.8.7.jar:0.15.4+mixin.0.8.7]
	at org.spongepowered.asm.mixin.transformer.Config.create(Config.java:163) ~[sponge-mixin-0.15.4+mixin.0.8.7.jar:0.15.4+mixin.0.8.7]
	at org.spongepowered.asm.mixin.Mixins.createConfiguration(Mixins.java:121) ~[sponge-mixin-0.15.4+mixin.0.8.7.jar:0.15.4+mixin.0.8.7]
	at org.spongepowered.asm.mixin.Mixins.addConfiguration(Mixins.java:108) ~[sponge-mixin-0.15.4+mixin.0.8.7.jar:0.15.4+mixin.0.8.7]
	at org.spongepowered.asm.mixin.Mixins.addConfiguration(Mixins.java:98) ~[sponge-mixin-0.15.4+mixin.0.8.7.jar:0.15.4+mixin.0.8.7]
	at net.fabricmc.loader.impl.launch.FabricMixinBootstrap.init(FabricMixinBootstrap.java:94) ~[fabric-loader-0.16.9.jar:?]
	... 4 more
